2025-10-15T05:53:41+00:00 CRITICAL Uncaught TypeError: ftp_nlist(): Argument #1 ($ftp) must be of type FTP\Connection, null given in /var/www/suspension-advisory/wp-admin/includes/class-wp-filesystem-ftpext.php:438
Stack trace:
#0 /var/www/suspension-advisory/wp-admin/includes/class-wp-filesystem-ftpext.php(438): ftp_nlist()
#1 /var/www/suspension-advisory/wp-content/plugins/user-registration-pro/includes/functions-ur-core.php(3742): WP_Filesystem_FTPext->exists()
#2 /var/www/suspension-advisory/wp-content/plugins/user-registration-pro/includes/admin/views/html-admin-settings.php(64): ur_file_get_contents()
#3 /var/www/suspension-advisory/wp-content/plugins/user-registration-pro/includes/admin/class-ur-admin-settings.php(343): include('...')
#4 /var/www/suspension-advisory/wp-content/plugins/user-registration-pro/includes/admin/class-ur-admin-menus.php(906): UR_Admin_Settings::output()
#5 /var/www/suspension-advisory/wp-includes/class-wp-hook.php(324): UR_Admin_Menus->settings_page()
#6 /var/www/suspension-advisory/wp-includes/class-wp-hook.php(348): WP_Hook->apply_filters()
#7 /var/www/suspension-advisory/wp-includes/plugin.php(517): WP_Hook->do_action()
#8 /var/www/suspension-advisory/wp-admin/admin.php(260): do_action()
#9 {main}
  thrown in /var/www/suspension-advisory/wp-admin/includes/class-wp-filesystem-ftpext.php on line 438

2025-10-15T05:53:41+00:00 CRITICAL Uncaught TypeError: ftp_nlist(): Argument #1 ($ftp) must be of type FTP\Connection, null given in /var/www/suspension-advisory/wp-admin/includes/class-wp-filesystem-ftpext.php:438
Stack trace:
#0 /var/www/suspension-advisory/wp-admin/includes/class-wp-filesystem-ftpext.php(438): ftp_nlist()
#1 /var/www/suspension-advisory/wp-content/plugins/user-registration-pro/includes/functions-ur-core.php(3742): WP_Filesystem_FTPext->exists()
#2 /var/www/suspension-advisory/wp-content/plugins/user-registration-pro/includes/admin/views/html-admin-settings.php(64): ur_file_get_contents()
#3 /var/www/suspension-advisory/wp-content/plugins/user-registration-pro/includes/admin/class-ur-admin-settings.php(343): include('...')
#4 /var/www/suspension-advisory/wp-content/plugins/user-registration-pro/includes/admin/class-ur-admin-menus.php(906): UR_Admin_Settings::output()
#5 /var/www/suspension-advisory/wp-includes/class-wp-hook.php(324): UR_Admin_Menus->settings_page()
#6 /var/www/suspension-advisory/wp-includes/class-wp-hook.php(348): WP_Hook->apply_filters()
#7 /var/www/suspension-advisory/wp-includes/plugin.php(517): WP_Hook->do_action()
#8 /var/www/suspension-advisory/wp-admin/admin.php(260): do_action()
#9 {main}
  thrown in /var/www/suspension-advisory/wp-admin/includes/class-wp-filesystem-ftpext.php on line 438

2025-10-15T05:53:41+00:00 CRITICAL Uncaught TypeError: ftp_nlist(): Argument #1 ($ftp) must be of type FTP\Connection, null given in /var/www/suspension-advisory/wp-admin/includes/class-wp-filesystem-ftpext.php:438
Stack trace:
#0 /var/www/suspension-advisory/wp-admin/includes/class-wp-filesystem-ftpext.php(438): ftp_nlist()
#1 /var/www/suspension-advisory/wp-content/plugins/user-registration-pro/includes/functions-ur-core.php(3742): WP_Filesystem_FTPext->exists()
#2 /var/www/suspension-advisory/wp-content/plugins/user-registration-pro/includes/admin/views/html-admin-settings.php(64): ur_file_get_contents()
#3 /var/www/suspension-advisory/wp-content/plugins/user-registration-pro/includes/admin/class-ur-admin-settings.php(343): include('...')
#4 /var/www/suspension-advisory/wp-content/plugins/user-registration-pro/includes/admin/class-ur-admin-menus.php(906): UR_Admin_Settings::output()
#5 /var/www/suspension-advisory/wp-includes/class-wp-hook.php(324): UR_Admin_Menus->settings_page()
#6 /var/www/suspension-advisory/wp-includes/class-wp-hook.php(348): WP_Hook->apply_filters()
#7 /var/www/suspension-advisory/wp-includes/plugin.php(517): WP_Hook->do_action()
#8 /var/www/suspension-advisory/wp-admin/admin.php(260): do_action()
#9 {main}
  thrown in /var/www/suspension-advisory/wp-admin/includes/class-wp-filesystem-ftpext.php on line 438

2025-10-15T05:53:47+00:00 CRITICAL Uncaught TypeError: ftp_nlist(): Argument #1 ($ftp) must be of type FTP\Connection, null given in /var/www/suspension-advisory/wp-admin/includes/class-wp-filesystem-ftpext.php:438
Stack trace:
#0 /var/www/suspension-advisory/wp-admin/includes/class-wp-filesystem-ftpext.php(438): ftp_nlist()
#1 /var/www/suspension-advisory/wp-content/plugins/user-registration-pro/includes/functions-ur-core.php(3742): WP_Filesystem_FTPext->exists()
#2 /var/www/suspension-advisory/wp-content/plugins/user-registration-pro/includes/admin/views/html-admin-settings.php(64): ur_file_get_contents()
#3 /var/www/suspension-advisory/wp-content/plugins/user-registration-pro/includes/admin/class-ur-admin-settings.php(343): include('...')
#4 /var/www/suspension-advisory/wp-content/plugins/user-registration-pro/includes/admin/class-ur-admin-menus.php(906): UR_Admin_Settings::output()
#5 /var/www/suspension-advisory/wp-includes/class-wp-hook.php(324): UR_Admin_Menus->settings_page()
#6 /var/www/suspension-advisory/wp-includes/class-wp-hook.php(348): WP_Hook->apply_filters()
#7 /var/www/suspension-advisory/wp-includes/plugin.php(517): WP_Hook->do_action()
#8 /var/www/suspension-advisory/wp-admin/admin.php(260): do_action()
#9 {main}
  thrown in /var/www/suspension-advisory/wp-admin/includes/class-wp-filesystem-ftpext.php on line 438

2025-10-15T05:53:47+00:00 CRITICAL Uncaught TypeError: ftp_nlist(): Argument #1 ($ftp) must be of type FTP\Connection, null given in /var/www/suspension-advisory/wp-admin/includes/class-wp-filesystem-ftpext.php:438
Stack trace:
#0 /var/www/suspension-advisory/wp-admin/includes/class-wp-filesystem-ftpext.php(438): ftp_nlist()
#1 /var/www/suspension-advisory/wp-content/plugins/user-registration-pro/includes/functions-ur-core.php(3742): WP_Filesystem_FTPext->exists()
#2 /var/www/suspension-advisory/wp-content/plugins/user-registration-pro/includes/admin/views/html-admin-settings.php(64): ur_file_get_contents()
#3 /var/www/suspension-advisory/wp-content/plugins/user-registration-pro/includes/admin/class-ur-admin-settings.php(343): include('...')
#4 /var/www/suspension-advisory/wp-content/plugins/user-registration-pro/includes/admin/class-ur-admin-menus.php(906): UR_Admin_Settings::output()
#5 /var/www/suspension-advisory/wp-includes/class-wp-hook.php(324): UR_Admin_Menus->settings_page()
#6 /var/www/suspension-advisory/wp-includes/class-wp-hook.php(348): WP_Hook->apply_filters()
#7 /var/www/suspension-advisory/wp-includes/plugin.php(517): WP_Hook->do_action()
#8 /var/www/suspension-advisory/wp-admin/admin.php(260): do_action()
#9 {main}
  thrown in /var/www/suspension-advisory/wp-admin/includes/class-wp-filesystem-ftpext.php on line 438

2025-10-15T05:53:47+00:00 CRITICAL Uncaught TypeError: ftp_nlist(): Argument #1 ($ftp) must be of type FTP\Connection, null given in /var/www/suspension-advisory/wp-admin/includes/class-wp-filesystem-ftpext.php:438
Stack trace:
#0 /var/www/suspension-advisory/wp-admin/includes/class-wp-filesystem-ftpext.php(438): ftp_nlist()
#1 /var/www/suspension-advisory/wp-content/plugins/user-registration-pro/includes/functions-ur-core.php(3742): WP_Filesystem_FTPext->exists()
#2 /var/www/suspension-advisory/wp-content/plugins/user-registration-pro/includes/admin/views/html-admin-settings.php(64): ur_file_get_contents()
#3 /var/www/suspension-advisory/wp-content/plugins/user-registration-pro/includes/admin/class-ur-admin-settings.php(343): include('...')
#4 /var/www/suspension-advisory/wp-content/plugins/user-registration-pro/includes/admin/class-ur-admin-menus.php(906): UR_Admin_Settings::output()
#5 /var/www/suspension-advisory/wp-includes/class-wp-hook.php(324): UR_Admin_Menus->settings_page()
#6 /var/www/suspension-advisory/wp-includes/class-wp-hook.php(348): WP_Hook->apply_filters()
#7 /var/www/suspension-advisory/wp-includes/plugin.php(517): WP_Hook->do_action()
#8 /var/www/suspension-advisory/wp-admin/admin.php(260): do_action()
#9 {main}
  thrown in /var/www/suspension-advisory/wp-admin/includes/class-wp-filesystem-ftpext.php on line 438

2025-10-15T05:53:49+00:00 CRITICAL Uncaught TypeError: ftp_nlist(): Argument #1 ($ftp) must be of type FTP\Connection, null given in /var/www/suspension-advisory/wp-admin/includes/class-wp-filesystem-ftpext.php:438
Stack trace:
#0 /var/www/suspension-advisory/wp-admin/includes/class-wp-filesystem-ftpext.php(438): ftp_nlist()
#1 /var/www/suspension-advisory/wp-content/plugins/user-registration-pro/includes/functions-ur-core.php(3742): WP_Filesystem_FTPext->exists()
#2 /var/www/suspension-advisory/wp-content/plugins/user-registration-pro/includes/RestApi/controllers/version1/class-ur-modules.php(104): ur_file_get_contents()
#3 /var/www/suspension-advisory/wp-includes/rest-api/class-wp-rest-server.php(1292): UR_Modules::ur_get_modules()
#4 /var/www/suspension-advisory/wp-includes/rest-api/class-wp-rest-server.php(1125): WP_REST_Server->respond_to_request()
#5 /var/www/suspension-advisory/wp-includes/rest-api/class-wp-rest-server.php(439): WP_REST_Server->dispatch()
#6 /var/www/suspension-advisory/wp-includes/rest-api.php(459): WP_REST_Server->serve_request()
#7 /var/www/suspension-advisory/wp-includes/class-wp-hook.php(324): rest_api_loaded()
#8 /var/www/suspension-advisory/wp-includes/class-wp-hook.php(348): WP_Hook->apply_filters()
#9 /var/www/suspension-advisory/wp-includes/plugin.php(565): WP_Hook->do_action()
#10 /var/www/suspension-advisory/wp-includes/class-wp.php(418): do_action_ref_array()
#11 /var/www/suspension-advisory/wp-includes/class-wp.php(818): WP->parse_request()
#12 /var/www/suspension-advisory/wp-includes/functions.php(1342): WP->main()
#13 /var/www/suspension-advisory/wp-blog-header.php(16): wp()
#14 /var/www/suspension-advisory/index.php(17): require('...')
#15 {main}
  thrown in /var/www/suspension-advisory/wp-admin/includes/class-wp-filesystem-ftpext.php on line 438

2025-10-15T05:53:49+00:00 CRITICAL Uncaught TypeError: ftp_nlist(): Argument #1 ($ftp) must be of type FTP\Connection, null given in /var/www/suspension-advisory/wp-admin/includes/class-wp-filesystem-ftpext.php:438
Stack trace:
#0 /var/www/suspension-advisory/wp-admin/includes/class-wp-filesystem-ftpext.php(438): ftp_nlist()
#1 /var/www/suspension-advisory/wp-content/plugins/user-registration-pro/includes/functions-ur-core.php(3742): WP_Filesystem_FTPext->exists()
#2 /var/www/suspension-advisory/wp-content/plugins/user-registration-pro/includes/RestApi/controllers/version1/class-ur-modules.php(104): ur_file_get_contents()
#3 /var/www/suspension-advisory/wp-includes/rest-api/class-wp-rest-server.php(1292): UR_Modules::ur_get_modules()
#4 /var/www/suspension-advisory/wp-includes/rest-api/class-wp-rest-server.php(1125): WP_REST_Server->respond_to_request()
#5 /var/www/suspension-advisory/wp-includes/rest-api/class-wp-rest-server.php(439): WP_REST_Server->dispatch()
#6 /var/www/suspension-advisory/wp-includes/rest-api.php(459): WP_REST_Server->serve_request()
#7 /var/www/suspension-advisory/wp-includes/class-wp-hook.php(324): rest_api_loaded()
#8 /var/www/suspension-advisory/wp-includes/class-wp-hook.php(348): WP_Hook->apply_filters()
#9 /var/www/suspension-advisory/wp-includes/plugin.php(565): WP_Hook->do_action()
#10 /var/www/suspension-advisory/wp-includes/class-wp.php(418): do_action_ref_array()
#11 /var/www/suspension-advisory/wp-includes/class-wp.php(818): WP->parse_request()
#12 /var/www/suspension-advisory/wp-includes/functions.php(1342): WP->main()
#13 /var/www/suspension-advisory/wp-blog-header.php(16): wp()
#14 /var/www/suspension-advisory/index.php(17): require('...')
#15 {main}
  thrown in /var/www/suspension-advisory/wp-admin/includes/class-wp-filesystem-ftpext.php on line 438

2025-10-15T05:53:49+00:00 CRITICAL Uncaught TypeError: ftp_nlist(): Argument #1 ($ftp) must be of type FTP\Connection, null given in /var/www/suspension-advisory/wp-admin/includes/class-wp-filesystem-ftpext.php:438
Stack trace:
#0 /var/www/suspension-advisory/wp-admin/includes/class-wp-filesystem-ftpext.php(438): ftp_nlist()
#1 /var/www/suspension-advisory/wp-content/plugins/user-registration-pro/includes/functions-ur-core.php(3742): WP_Filesystem_FTPext->exists()
#2 /var/www/suspension-advisory/wp-content/plugins/user-registration-pro/includes/RestApi/controllers/version1/class-ur-modules.php(104): ur_file_get_contents()
#3 /var/www/suspension-advisory/wp-includes/rest-api/class-wp-rest-server.php(1292): UR_Modules::ur_get_modules()
#4 /var/www/suspension-advisory/wp-includes/rest-api/class-wp-rest-server.php(1125): WP_REST_Server->respond_to_request()
#5 /var/www/suspension-advisory/wp-includes/rest-api/class-wp-rest-server.php(439): WP_REST_Server->dispatch()
#6 /var/www/suspension-advisory/wp-includes/rest-api.php(459): WP_REST_Server->serve_request()
#7 /var/www/suspension-advisory/wp-includes/class-wp-hook.php(324): rest_api_loaded()
#8 /var/www/suspension-advisory/wp-includes/class-wp-hook.php(348): WP_Hook->apply_filters()
#9 /var/www/suspension-advisory/wp-includes/plugin.php(565): WP_Hook->do_action()
#10 /var/www/suspension-advisory/wp-includes/class-wp.php(418): do_action_ref_array()
#11 /var/www/suspension-advisory/wp-includes/class-wp.php(818): WP->parse_request()
#12 /var/www/suspension-advisory/wp-includes/functions.php(1342): WP->main()
#13 /var/www/suspension-advisory/wp-blog-header.php(16): wp()
#14 /var/www/suspension-advisory/index.php(17): require('...')
#15 {main}
  thrown in /var/www/suspension-advisory/wp-admin/includes/class-wp-filesystem-ftpext.php on line 438

2025-10-15T05:54:55+00:00 CRITICAL Uncaught TypeError: ftp_nlist(): Argument #1 ($ftp) must be of type FTP\Connection, null given in /var/www/suspension-advisory/wp-admin/includes/class-wp-filesystem-ftpext.php:438
Stack trace:
#0 /var/www/suspension-advisory/wp-admin/includes/class-wp-filesystem-ftpext.php(438): ftp_nlist()
#1 /var/www/suspension-advisory/wp-content/plugins/user-registration-pro/includes/functions-ur-core.php(3742): WP_Filesystem_FTPext->exists()
#2 /var/www/suspension-advisory/wp-content/plugins/user-registration-pro/includes/admin/views/html-admin-settings.php(64): ur_file_get_contents()
#3 /var/www/suspension-advisory/wp-content/plugins/user-registration-pro/includes/admin/class-ur-admin-settings.php(343): include('...')
#4 /var/www/suspension-advisory/wp-content/plugins/user-registration-pro/includes/admin/class-ur-admin-menus.php(906): UR_Admin_Settings::output()
#5 /var/www/suspension-advisory/wp-includes/class-wp-hook.php(324): UR_Admin_Menus->settings_page()
#6 /var/www/suspension-advisory/wp-includes/class-wp-hook.php(348): WP_Hook->apply_filters()
#7 /var/www/suspension-advisory/wp-includes/plugin.php(517): WP_Hook->do_action()
#8 /var/www/suspension-advisory/wp-admin/admin.php(260): do_action()
#9 {main}
  thrown in /var/www/suspension-advisory/wp-admin/includes/class-wp-filesystem-ftpext.php on line 438

2025-10-15T05:54:55+00:00 CRITICAL Uncaught TypeError: ftp_nlist(): Argument #1 ($ftp) must be of type FTP\Connection, null given in /var/www/suspension-advisory/wp-admin/includes/class-wp-filesystem-ftpext.php:438
Stack trace:
#0 /var/www/suspension-advisory/wp-admin/includes/class-wp-filesystem-ftpext.php(438): ftp_nlist()
#1 /var/www/suspension-advisory/wp-content/plugins/user-registration-pro/includes/functions-ur-core.php(3742): WP_Filesystem_FTPext->exists()
#2 /var/www/suspension-advisory/wp-content/plugins/user-registration-pro/includes/admin/views/html-admin-settings.php(64): ur_file_get_contents()
#3 /var/www/suspension-advisory/wp-content/plugins/user-registration-pro/includes/admin/class-ur-admin-settings.php(343): include('...')
#4 /var/www/suspension-advisory/wp-content/plugins/user-registration-pro/includes/admin/class-ur-admin-menus.php(906): UR_Admin_Settings::output()
#5 /var/www/suspension-advisory/wp-includes/class-wp-hook.php(324): UR_Admin_Menus->settings_page()
#6 /var/www/suspension-advisory/wp-includes/class-wp-hook.php(348): WP_Hook->apply_filters()
#7 /var/www/suspension-advisory/wp-includes/plugin.php(517): WP_Hook->do_action()
#8 /var/www/suspension-advisory/wp-admin/admin.php(260): do_action()
#9 {main}
  thrown in /var/www/suspension-advisory/wp-admin/includes/class-wp-filesystem-ftpext.php on line 438

2025-10-15T05:54:55+00:00 CRITICAL Uncaught TypeError: ftp_nlist(): Argument #1 ($ftp) must be of type FTP\Connection, null given in /var/www/suspension-advisory/wp-admin/includes/class-wp-filesystem-ftpext.php:438
Stack trace:
#0 /var/www/suspension-advisory/wp-admin/includes/class-wp-filesystem-ftpext.php(438): ftp_nlist()
#1 /var/www/suspension-advisory/wp-content/plugins/user-registration-pro/includes/functions-ur-core.php(3742): WP_Filesystem_FTPext->exists()
#2 /var/www/suspension-advisory/wp-content/plugins/user-registration-pro/includes/admin/views/html-admin-settings.php(64): ur_file_get_contents()
#3 /var/www/suspension-advisory/wp-content/plugins/user-registration-pro/includes/admin/class-ur-admin-settings.php(343): include('...')
#4 /var/www/suspension-advisory/wp-content/plugins/user-registration-pro/includes/admin/class-ur-admin-menus.php(906): UR_Admin_Settings::output()
#5 /var/www/suspension-advisory/wp-includes/class-wp-hook.php(324): UR_Admin_Menus->settings_page()
#6 /var/www/suspension-advisory/wp-includes/class-wp-hook.php(348): WP_Hook->apply_filters()
#7 /var/www/suspension-advisory/wp-includes/plugin.php(517): WP_Hook->do_action()
#8 /var/www/suspension-advisory/wp-admin/admin.php(260): do_action()
#9 {main}
  thrown in /var/www/suspension-advisory/wp-admin/includes/class-wp-filesystem-ftpext.php on line 438

2025-10-15T08:54:57+00:00 CRITICAL Uncaught Error: Call to undefined function sub_field() in /var/www/suspension-advisory/wp-content/themes/suspension-advisory-theme/page-homepage.php:142
Stack trace:
#0 /var/www/suspension-advisory/wp-includes/template-loader.php(106): include()
#1 /var/www/suspension-advisory/wp-blog-header.php(19): require_once('...')
#2 /var/www/suspension-advisory/index.php(17): require('...')
#3 {main}
  thrown in /var/www/suspension-advisory/wp-content/themes/suspension-advisory-theme/page-homepage.php on line 142

2025-10-15T08:54:57+00:00 CRITICAL Uncaught Error: Call to undefined function sub_field() in /var/www/suspension-advisory/wp-content/themes/suspension-advisory-theme/page-homepage.php:142
Stack trace:
#0 /var/www/suspension-advisory/wp-includes/template-loader.php(106): include()
#1 /var/www/suspension-advisory/wp-blog-header.php(19): require_once('...')
#2 /var/www/suspension-advisory/index.php(17): require('...')
#3 {main}
  thrown in /var/www/suspension-advisory/wp-content/themes/suspension-advisory-theme/page-homepage.php on line 142

2025-10-15T08:54:57+00:00 CRITICAL Uncaught Error: Call to undefined function sub_field() in /var/www/suspension-advisory/wp-content/themes/suspension-advisory-theme/page-homepage.php:142
Stack trace:
#0 /var/www/suspension-advisory/wp-includes/template-loader.php(106): include()
#1 /var/www/suspension-advisory/wp-blog-header.php(19): require_once('...')
#2 /var/www/suspension-advisory/index.php(17): require('...')
#3 {main}
  thrown in /var/www/suspension-advisory/wp-content/themes/suspension-advisory-theme/page-homepage.php on line 142

2025-10-16T03:45:45+00:00 CRITICAL Uncaught Error: Call to undefined function display_province_dropdown() in /var/www/suspension-advisory/wp-content/themes/suspension-advisory-theme/page-homepage.php:26
Stack trace:
#0 /var/www/suspension-advisory/wp-includes/template-loader.php(106): include()
#1 /var/www/suspension-advisory/wp-blog-header.php(19): require_once('...')
#2 /var/www/suspension-advisory/index.php(17): require('...')
#3 {main}
  thrown in /var/www/suspension-advisory/wp-content/themes/suspension-advisory-theme/page-homepage.php on line 26

2025-10-16T03:45:45+00:00 CRITICAL Uncaught Error: Call to undefined function display_province_dropdown() in /var/www/suspension-advisory/wp-content/themes/suspension-advisory-theme/page-homepage.php:26
Stack trace:
#0 /var/www/suspension-advisory/wp-includes/template-loader.php(106): include()
#1 /var/www/suspension-advisory/wp-blog-header.php(19): require_once('...')
#2 /var/www/suspension-advisory/index.php(17): require('...')
#3 {main}
  thrown in /var/www/suspension-advisory/wp-content/themes/suspension-advisory-theme/page-homepage.php on line 26

2025-10-16T03:45:45+00:00 CRITICAL Uncaught Error: Call to undefined function display_province_dropdown() in /var/www/suspension-advisory/wp-content/themes/suspension-advisory-theme/page-homepage.php:26
Stack trace:
#0 /var/www/suspension-advisory/wp-includes/template-loader.php(106): include()
#1 /var/www/suspension-advisory/wp-blog-header.php(19): require_once('...')
#2 /var/www/suspension-advisory/index.php(17): require('...')
#3 {main}
  thrown in /var/www/suspension-advisory/wp-content/themes/suspension-advisory-theme/page-homepage.php on line 26

2025-10-16T03:52:11+00:00 CRITICAL Cannot redeclare get_registered_user_cities() (previously declared in /var/www/suspension-advisory/wp-content/themes/suspension-advisory-theme/functions.php:453) in /var/www/suspension-advisory/wp-content/themes/suspension-advisory-theme/functions.php on line 527

2025-10-16T03:52:11+00:00 CRITICAL Cannot redeclare get_registered_user_cities() (previously declared in /var/www/suspension-advisory/wp-content/themes/suspension-advisory-theme/functions.php:453) in /var/www/suspension-advisory/wp-content/themes/suspension-advisory-theme/functions.php on line 527

2025-10-16T03:52:11+00:00 CRITICAL Cannot redeclare get_registered_user_cities() (previously declared in /var/www/suspension-advisory/wp-content/themes/suspension-advisory-theme/functions.php:453) in /var/www/suspension-advisory/wp-content/themes/suspension-advisory-theme/functions.php on line 527

2025-10-16T03:54:12+00:00 CRITICAL Cannot redeclare get_registered_user_cities() (previously declared in /var/www/suspension-advisory/wp-content/themes/suspension-advisory-theme/functions.php:453) in /var/www/suspension-advisory/wp-content/themes/suspension-advisory-theme/functions.php on line 527

2025-10-16T03:54:12+00:00 CRITICAL Cannot redeclare get_registered_user_cities() (previously declared in /var/www/suspension-advisory/wp-content/themes/suspension-advisory-theme/functions.php:453) in /var/www/suspension-advisory/wp-content/themes/suspension-advisory-theme/functions.php on line 527

2025-10-16T03:54:12+00:00 CRITICAL Cannot redeclare get_registered_user_cities() (previously declared in /var/www/suspension-advisory/wp-content/themes/suspension-advisory-theme/functions.php:453) in /var/www/suspension-advisory/wp-content/themes/suspension-advisory-theme/functions.php on line 527

2025-10-16T03:56:13+00:00 CRITICAL Cannot redeclare get_registered_user_cities() (previously declared in /var/www/suspension-advisory/wp-content/themes/suspension-advisory-theme/functions.php:453) in /var/www/suspension-advisory/wp-content/themes/suspension-advisory-theme/functions.php on line 527

2025-10-16T03:56:13+00:00 CRITICAL Cannot redeclare get_registered_user_cities() (previously declared in /var/www/suspension-advisory/wp-content/themes/suspension-advisory-theme/functions.php:453) in /var/www/suspension-advisory/wp-content/themes/suspension-advisory-theme/functions.php on line 527

2025-10-16T03:56:13+00:00 CRITICAL Cannot redeclare get_registered_user_cities() (previously declared in /var/www/suspension-advisory/wp-content/themes/suspension-advisory-theme/functions.php:453) in /var/www/suspension-advisory/wp-content/themes/suspension-advisory-theme/functions.php on line 527

2025-10-16T05:16:47+00:00 CRITICAL Cannot redeclare get_registered_user_cities() (previously declared in /var/www/suspension-advisory/wp-content/themes/suspension-advisory-theme/functions.php:453) in /var/www/suspension-advisory/wp-content/themes/suspension-advisory-theme/functions.php on line 527

2025-10-16T05:16:47+00:00 CRITICAL Cannot redeclare get_registered_user_cities() (previously declared in /var/www/suspension-advisory/wp-content/themes/suspension-advisory-theme/functions.php:453) in /var/www/suspension-advisory/wp-content/themes/suspension-advisory-theme/functions.php on line 527

2025-10-16T05:16:47+00:00 CRITICAL Cannot redeclare get_registered_user_cities() (previously declared in /var/www/suspension-advisory/wp-content/themes/suspension-advisory-theme/functions.php:453) in /var/www/suspension-advisory/wp-content/themes/suspension-advisory-theme/functions.php on line 527

2025-10-16T05:16:57+00:00 CRITICAL Cannot redeclare get_registered_user_cities() (previously declared in /var/www/suspension-advisory/wp-content/themes/suspension-advisory-theme/functions.php:453) in /var/www/suspension-advisory/wp-content/themes/suspension-advisory-theme/functions.php on line 527

2025-10-16T05:16:57+00:00 CRITICAL Cannot redeclare get_registered_user_cities() (previously declared in /var/www/suspension-advisory/wp-content/themes/suspension-advisory-theme/functions.php:453) in /var/www/suspension-advisory/wp-content/themes/suspension-advisory-theme/functions.php on line 527

2025-10-16T05:16:57+00:00 CRITICAL Cannot redeclare get_registered_user_cities() (previously declared in /var/www/suspension-advisory/wp-content/themes/suspension-advisory-theme/functions.php:453) in /var/www/suspension-advisory/wp-content/themes/suspension-advisory-theme/functions.php on line 527

2025-10-16T05:16:58+00:00 CRITICAL Cannot redeclare get_registered_user_cities() (previously declared in /var/www/suspension-advisory/wp-content/themes/suspension-advisory-theme/functions.php:453) in /var/www/suspension-advisory/wp-content/themes/suspension-advisory-theme/functions.php on line 527

2025-10-16T05:16:58+00:00 CRITICAL Cannot redeclare get_registered_user_cities() (previously declared in /var/www/suspension-advisory/wp-content/themes/suspension-advisory-theme/functions.php:453) in /var/www/suspension-advisory/wp-content/themes/suspension-advisory-theme/functions.php on line 527

2025-10-16T05:16:58+00:00 CRITICAL Cannot redeclare get_registered_user_cities() (previously declared in /var/www/suspension-advisory/wp-content/themes/suspension-advisory-theme/functions.php:453) in /var/www/suspension-advisory/wp-content/themes/suspension-advisory-theme/functions.php on line 527

2025-10-16T05:46:27+00:00 CRITICAL Uncaught Error: Call to undefined function display_city_dropdown() in /var/www/suspension-advisory/wp-content/themes/suspension-advisory-theme/page-homepage.php:46
Stack trace:
#0 /var/www/suspension-advisory/wp-includes/template-loader.php(106): include()
#1 /var/www/suspension-advisory/wp-blog-header.php(19): require_once('...')
#2 /var/www/suspension-advisory/index.php(17): require('...')
#3 {main}
  thrown in /var/www/suspension-advisory/wp-content/themes/suspension-advisory-theme/page-homepage.php on line 46

2025-10-16T05:46:27+00:00 CRITICAL Uncaught Error: Call to undefined function display_city_dropdown() in /var/www/suspension-advisory/wp-content/themes/suspension-advisory-theme/page-homepage.php:46
Stack trace:
#0 /var/www/suspension-advisory/wp-includes/template-loader.php(106): include()
#1 /var/www/suspension-advisory/wp-blog-header.php(19): require_once('...')
#2 /var/www/suspension-advisory/index.php(17): require('...')
#3 {main}
  thrown in /var/www/suspension-advisory/wp-content/themes/suspension-advisory-theme/page-homepage.php on line 46

2025-10-16T05:46:27+00:00 CRITICAL Uncaught Error: Call to undefined function display_city_dropdown() in /var/www/suspension-advisory/wp-content/themes/suspension-advisory-theme/page-homepage.php:46
Stack trace:
#0 /var/www/suspension-advisory/wp-includes/template-loader.php(106): include()
#1 /var/www/suspension-advisory/wp-blog-header.php(19): require_once('...')
#2 /var/www/suspension-advisory/index.php(17): require('...')
#3 {main}
  thrown in /var/www/suspension-advisory/wp-content/themes/suspension-advisory-theme/page-homepage.php on line 46

2025-10-16T05:46:09+00:00 CRITICAL Uncaught Error: Call to undefined function display_city_dropdown() in /var/www/suspension-advisory/wp-content/themes/suspension-advisory-theme/page-homepage.php:46
Stack trace:
#0 /var/www/suspension-advisory/wp-includes/template-loader.php(106): include()
#1 /var/www/suspension-advisory/wp-blog-header.php(19): require_once('...')
#2 /var/www/suspension-advisory/index.php(17): require('...')
#3 {main}
  thrown in /var/www/suspension-advisory/wp-content/themes/suspension-advisory-theme/page-homepage.php on line 46

2025-10-16T05:46:09+00:00 CRITICAL Uncaught Error: Call to undefined function display_city_dropdown() in /var/www/suspension-advisory/wp-content/themes/suspension-advisory-theme/page-homepage.php:46
Stack trace:
#0 /var/www/suspension-advisory/wp-includes/template-loader.php(106): include()
#1 /var/www/suspension-advisory/wp-blog-header.php(19): require_once('...')
#2 /var/www/suspension-advisory/index.php(17): require('...')
#3 {main}
  thrown in /var/www/suspension-advisory/wp-content/themes/suspension-advisory-theme/page-homepage.php on line 46

2025-10-16T05:46:09+00:00 CRITICAL Uncaught Error: Call to undefined function display_city_dropdown() in /var/www/suspension-advisory/wp-content/themes/suspension-advisory-theme/page-homepage.php:46
Stack trace:
#0 /var/www/suspension-advisory/wp-includes/template-loader.php(106): include()
#1 /var/www/suspension-advisory/wp-blog-header.php(19): require_once('...')
#2 /var/www/suspension-advisory/index.php(17): require('...')
#3 {main}
  thrown in /var/www/suspension-advisory/wp-content/themes/suspension-advisory-theme/page-homepage.php on line 46

2025-10-16T05:47:03+00:00 CRITICAL Uncaught Error: Call to undefined function display_city_dropdown() in /var/www/suspension-advisory/wp-content/themes/suspension-advisory-theme/page-homepage.php:46
Stack trace:
#0 /var/www/suspension-advisory/wp-includes/template-loader.php(106): include()
#1 /var/www/suspension-advisory/wp-blog-header.php(19): require_once('...')
#2 /var/www/suspension-advisory/index.php(17): require('...')
#3 {main}
  thrown in /var/www/suspension-advisory/wp-content/themes/suspension-advisory-theme/page-homepage.php on line 46

2025-10-16T05:47:03+00:00 CRITICAL Uncaught Error: Call to undefined function display_city_dropdown() in /var/www/suspension-advisory/wp-content/themes/suspension-advisory-theme/page-homepage.php:46
Stack trace:
#0 /var/www/suspension-advisory/wp-includes/template-loader.php(106): include()
#1 /var/www/suspension-advisory/wp-blog-header.php(19): require_once('...')
#2 /var/www/suspension-advisory/index.php(17): require('...')
#3 {main}
  thrown in /var/www/suspension-advisory/wp-content/themes/suspension-advisory-theme/page-homepage.php on line 46

2025-10-16T05:47:03+00:00 CRITICAL Uncaught Error: Call to undefined function display_city_dropdown() in /var/www/suspension-advisory/wp-content/themes/suspension-advisory-theme/page-homepage.php:46
Stack trace:
#0 /var/www/suspension-advisory/wp-includes/template-loader.php(106): include()
#1 /var/www/suspension-advisory/wp-blog-header.php(19): require_once('...')
#2 /var/www/suspension-advisory/index.php(17): require('...')
#3 {main}
  thrown in /var/www/suspension-advisory/wp-content/themes/suspension-advisory-theme/page-homepage.php on line 46

2025-10-16T05:48:25+00:00 CRITICAL Uncaught Error: Call to undefined function display_city_dropdown() in /var/www/suspension-advisory/wp-content/themes/suspension-advisory-theme/page-homepage.php:46
Stack trace:
#0 /var/www/suspension-advisory/wp-includes/template-loader.php(106): include()
#1 /var/www/suspension-advisory/wp-blog-header.php(19): require_once('...')
#2 /var/www/suspension-advisory/index.php(17): require('...')
#3 {main}
  thrown in /var/www/suspension-advisory/wp-content/themes/suspension-advisory-theme/page-homepage.php on line 46

2025-10-16T05:48:25+00:00 CRITICAL Uncaught Error: Call to undefined function display_city_dropdown() in /var/www/suspension-advisory/wp-content/themes/suspension-advisory-theme/page-homepage.php:46
Stack trace:
#0 /var/www/suspension-advisory/wp-includes/template-loader.php(106): include()
#1 /var/www/suspension-advisory/wp-blog-header.php(19): require_once('...')
#2 /var/www/suspension-advisory/index.php(17): require('...')
#3 {main}
  thrown in /var/www/suspension-advisory/wp-content/themes/suspension-advisory-theme/page-homepage.php on line 46

2025-10-16T05:48:25+00:00 CRITICAL Uncaught Error: Call to undefined function display_city_dropdown() in /var/www/suspension-advisory/wp-content/themes/suspension-advisory-theme/page-homepage.php:46
Stack trace:
#0 /var/www/suspension-advisory/wp-includes/template-loader.php(106): include()
#1 /var/www/suspension-advisory/wp-blog-header.php(19): require_once('...')
#2 /var/www/suspension-advisory/index.php(17): require('...')
#3 {main}
  thrown in /var/www/suspension-advisory/wp-content/themes/suspension-advisory-theme/page-homepage.php on line 46

2025-10-16T05:48:36+00:00 CRITICAL Uncaught Error: Call to undefined function display_city_dropdown() in /var/www/suspension-advisory/wp-content/themes/suspension-advisory-theme/page-homepage.php:46
Stack trace:
#0 /var/www/suspension-advisory/wp-includes/template-loader.php(106): include()
#1 /var/www/suspension-advisory/wp-blog-header.php(19): require_once('...')
#2 /var/www/suspension-advisory/index.php(17): require('...')
#3 {main}
  thrown in /var/www/suspension-advisory/wp-content/themes/suspension-advisory-theme/page-homepage.php on line 46

2025-10-16T05:48:36+00:00 CRITICAL Uncaught Error: Call to undefined function display_city_dropdown() in /var/www/suspension-advisory/wp-content/themes/suspension-advisory-theme/page-homepage.php:46
Stack trace:
#0 /var/www/suspension-advisory/wp-includes/template-loader.php(106): include()
#1 /var/www/suspension-advisory/wp-blog-header.php(19): require_once('...')
#2 /var/www/suspension-advisory/index.php(17): require('...')
#3 {main}
  thrown in /var/www/suspension-advisory/wp-content/themes/suspension-advisory-theme/page-homepage.php on line 46

2025-10-16T05:48:36+00:00 CRITICAL Uncaught Error: Call to undefined function display_city_dropdown() in /var/www/suspension-advisory/wp-content/themes/suspension-advisory-theme/page-homepage.php:46
Stack trace:
#0 /var/www/suspension-advisory/wp-includes/template-loader.php(106): include()
#1 /var/www/suspension-advisory/wp-blog-header.php(19): require_once('...')
#2 /var/www/suspension-advisory/index.php(17): require('...')
#3 {main}
  thrown in /var/www/suspension-advisory/wp-content/themes/suspension-advisory-theme/page-homepage.php on line 46

2025-10-16T05:49:49+00:00 CRITICAL Uncaught Error: Call to undefined function display_city_dropdown() in /var/www/suspension-advisory/wp-content/themes/suspension-advisory-theme/page-homepage.php:46
Stack trace:
#0 /var/www/suspension-advisory/wp-includes/template-loader.php(106): include()
#1 /var/www/suspension-advisory/wp-blog-header.php(19): require_once('...')
#2 /var/www/suspension-advisory/index.php(17): require('...')
#3 {main}
  thrown in /var/www/suspension-advisory/wp-content/themes/suspension-advisory-theme/page-homepage.php on line 46

2025-10-16T05:49:49+00:00 CRITICAL Uncaught Error: Call to undefined function display_city_dropdown() in /var/www/suspension-advisory/wp-content/themes/suspension-advisory-theme/page-homepage.php:46
Stack trace:
#0 /var/www/suspension-advisory/wp-includes/template-loader.php(106): include()
#1 /var/www/suspension-advisory/wp-blog-header.php(19): require_once('...')
#2 /var/www/suspension-advisory/index.php(17): require('...')
#3 {main}
  thrown in /var/www/suspension-advisory/wp-content/themes/suspension-advisory-theme/page-homepage.php on line 46

2025-10-16T05:49:49+00:00 CRITICAL Uncaught Error: Call to undefined function display_city_dropdown() in /var/www/suspension-advisory/wp-content/themes/suspension-advisory-theme/page-homepage.php:46
Stack trace:
#0 /var/www/suspension-advisory/wp-includes/template-loader.php(106): include()
#1 /var/www/suspension-advisory/wp-blog-header.php(19): require_once('...')
#2 /var/www/suspension-advisory/index.php(17): require('...')
#3 {main}
  thrown in /var/www/suspension-advisory/wp-content/themes/suspension-advisory-theme/page-homepage.php on line 46

2025-10-16T05:50:16+00:00 CRITICAL Uncaught Error: Call to undefined function display_city_dropdown() in /var/www/suspension-advisory/wp-content/themes/suspension-advisory-theme/page-homepage.php:46
Stack trace:
#0 /var/www/suspension-advisory/wp-includes/template-loader.php(106): include()
#1 /var/www/suspension-advisory/wp-blog-header.php(19): require_once('...')
#2 /var/www/suspension-advisory/index.php(17): require('...')
#3 {main}
  thrown in /var/www/suspension-advisory/wp-content/themes/suspension-advisory-theme/page-homepage.php on line 46

2025-10-16T05:50:16+00:00 CRITICAL Uncaught Error: Call to undefined function display_city_dropdown() in /var/www/suspension-advisory/wp-content/themes/suspension-advisory-theme/page-homepage.php:46
Stack trace:
#0 /var/www/suspension-advisory/wp-includes/template-loader.php(106): include()
#1 /var/www/suspension-advisory/wp-blog-header.php(19): require_once('...')
#2 /var/www/suspension-advisory/index.php(17): require('...')
#3 {main}
  thrown in /var/www/suspension-advisory/wp-content/themes/suspension-advisory-theme/page-homepage.php on line 46

2025-10-16T05:50:16+00:00 CRITICAL Uncaught Error: Call to undefined function display_city_dropdown() in /var/www/suspension-advisory/wp-content/themes/suspension-advisory-theme/page-homepage.php:46
Stack trace:
#0 /var/www/suspension-advisory/wp-includes/template-loader.php(106): include()
#1 /var/www/suspension-advisory/wp-blog-header.php(19): require_once('...')
#2 /var/www/suspension-advisory/index.php(17): require('...')
#3 {main}
  thrown in /var/www/suspension-advisory/wp-content/themes/suspension-advisory-theme/page-homepage.php on line 46

2025-10-16T05:50:17+00:00 CRITICAL Uncaught Error: Call to undefined function display_city_dropdown() in /var/www/suspension-advisory/wp-content/themes/suspension-advisory-theme/page-homepage.php:46
Stack trace:
#0 /var/www/suspension-advisory/wp-includes/template-loader.php(106): include()
#1 /var/www/suspension-advisory/wp-blog-header.php(19): require_once('...')
#2 /var/www/suspension-advisory/index.php(17): require('...')
#3 {main}
  thrown in /var/www/suspension-advisory/wp-content/themes/suspension-advisory-theme/page-homepage.php on line 46

2025-10-16T05:50:17+00:00 CRITICAL Uncaught Error: Call to undefined function display_city_dropdown() in /var/www/suspension-advisory/wp-content/themes/suspension-advisory-theme/page-homepage.php:46
Stack trace:
#0 /var/www/suspension-advisory/wp-includes/template-loader.php(106): include()
#1 /var/www/suspension-advisory/wp-blog-header.php(19): require_once('...')
#2 /var/www/suspension-advisory/index.php(17): require('...')
#3 {main}
  thrown in /var/www/suspension-advisory/wp-content/themes/suspension-advisory-theme/page-homepage.php on line 46

2025-10-16T05:50:17+00:00 CRITICAL Uncaught Error: Call to undefined function display_city_dropdown() in /var/www/suspension-advisory/wp-content/themes/suspension-advisory-theme/page-homepage.php:46
Stack trace:
#0 /var/www/suspension-advisory/wp-includes/template-loader.php(106): include()
#1 /var/www/suspension-advisory/wp-blog-header.php(19): require_once('...')
#2 /var/www/suspension-advisory/index.php(17): require('...')
#3 {main}
  thrown in /var/www/suspension-advisory/wp-content/themes/suspension-advisory-theme/page-homepage.php on line 46

2025-10-16T05:50:17+00:00 CRITICAL Uncaught Error: Call to undefined function display_city_dropdown() in /var/www/suspension-advisory/wp-content/themes/suspension-advisory-theme/page-homepage.php:46
Stack trace:
#0 /var/www/suspension-advisory/wp-includes/template-loader.php(106): include()
#1 /var/www/suspension-advisory/wp-blog-header.php(19): require_once('...')
#2 /var/www/suspension-advisory/index.php(17): require('...')
#3 {main}
  thrown in /var/www/suspension-advisory/wp-content/themes/suspension-advisory-theme/page-homepage.php on line 46

2025-10-16T05:50:17+00:00 CRITICAL Uncaught Error: Call to undefined function display_city_dropdown() in /var/www/suspension-advisory/wp-content/themes/suspension-advisory-theme/page-homepage.php:46
Stack trace:
#0 /var/www/suspension-advisory/wp-includes/template-loader.php(106): include()
#1 /var/www/suspension-advisory/wp-blog-header.php(19): require_once('...')
#2 /var/www/suspension-advisory/index.php(17): require('...')
#3 {main}
  thrown in /var/www/suspension-advisory/wp-content/themes/suspension-advisory-theme/page-homepage.php on line 46

2025-10-16T05:50:17+00:00 CRITICAL Uncaught Error: Call to undefined function display_city_dropdown() in /var/www/suspension-advisory/wp-content/themes/suspension-advisory-theme/page-homepage.php:46
Stack trace:
#0 /var/www/suspension-advisory/wp-includes/template-loader.php(106): include()
#1 /var/www/suspension-advisory/wp-blog-header.php(19): require_once('...')
#2 /var/www/suspension-advisory/index.php(17): require('...')
#3 {main}
  thrown in /var/www/suspension-advisory/wp-content/themes/suspension-advisory-theme/page-homepage.php on line 46

2025-10-16T05:50:17+00:00 CRITICAL Uncaught Error: Call to undefined function display_city_dropdown() in /var/www/suspension-advisory/wp-content/themes/suspension-advisory-theme/page-homepage.php:46
Stack trace:
#0 /var/www/suspension-advisory/wp-includes/template-loader.php(106): include()
#1 /var/www/suspension-advisory/wp-blog-header.php(19): require_once('...')
#2 /var/www/suspension-advisory/index.php(17): require('...')
#3 {main}
  thrown in /var/www/suspension-advisory/wp-content/themes/suspension-advisory-theme/page-homepage.php on line 46

2025-10-16T05:50:17+00:00 CRITICAL Uncaught Error: Call to undefined function display_city_dropdown() in /var/www/suspension-advisory/wp-content/themes/suspension-advisory-theme/page-homepage.php:46
Stack trace:
#0 /var/www/suspension-advisory/wp-includes/template-loader.php(106): include()
#1 /var/www/suspension-advisory/wp-blog-header.php(19): require_once('...')
#2 /var/www/suspension-advisory/index.php(17): require('...')
#3 {main}
  thrown in /var/www/suspension-advisory/wp-content/themes/suspension-advisory-theme/page-homepage.php on line 46

2025-10-16T05:50:17+00:00 CRITICAL Uncaught Error: Call to undefined function display_city_dropdown() in /var/www/suspension-advisory/wp-content/themes/suspension-advisory-theme/page-homepage.php:46
Stack trace:
#0 /var/www/suspension-advisory/wp-includes/template-loader.php(106): include()
#1 /var/www/suspension-advisory/wp-blog-header.php(19): require_once('...')
#2 /var/www/suspension-advisory/index.php(17): require('...')
#3 {main}
  thrown in /var/www/suspension-advisory/wp-content/themes/suspension-advisory-theme/page-homepage.php on line 46

2025-10-16T05:52:24+00:00 CRITICAL Uncaught Error: Call to undefined function display_city_dropdown() in /var/www/suspension-advisory/wp-content/themes/suspension-advisory-theme/page-homepage.php:46
Stack trace:
#0 /var/www/suspension-advisory/wp-includes/template-loader.php(106): include()
#1 /var/www/suspension-advisory/wp-blog-header.php(19): require_once('...')
#2 /var/www/suspension-advisory/index.php(17): require('...')
#3 {main}
  thrown in /var/www/suspension-advisory/wp-content/themes/suspension-advisory-theme/page-homepage.php on line 46

2025-10-16T05:52:24+00:00 CRITICAL Uncaught Error: Call to undefined function display_city_dropdown() in /var/www/suspension-advisory/wp-content/themes/suspension-advisory-theme/page-homepage.php:46
Stack trace:
#0 /var/www/suspension-advisory/wp-includes/template-loader.php(106): include()
#1 /var/www/suspension-advisory/wp-blog-header.php(19): require_once('...')
#2 /var/www/suspension-advisory/index.php(17): require('...')
#3 {main}
  thrown in /var/www/suspension-advisory/wp-content/themes/suspension-advisory-theme/page-homepage.php on line 46

2025-10-16T05:52:24+00:00 CRITICAL Uncaught Error: Call to undefined function display_city_dropdown() in /var/www/suspension-advisory/wp-content/themes/suspension-advisory-theme/page-homepage.php:46
Stack trace:
#0 /var/www/suspension-advisory/wp-includes/template-loader.php(106): include()
#1 /var/www/suspension-advisory/wp-blog-header.php(19): require_once('...')
#2 /var/www/suspension-advisory/index.php(17): require('...')
#3 {main}
  thrown in /var/www/suspension-advisory/wp-content/themes/suspension-advisory-theme/page-homepage.php on line 46

2025-10-16T05:53:02+00:00 CRITICAL Uncaught Error: Call to undefined function display_city_dropdown() in /var/www/suspension-advisory/wp-content/themes/suspension-advisory-theme/page-homepage.php:46
Stack trace:
#0 /var/www/suspension-advisory/wp-includes/template-loader.php(106): include()
#1 /var/www/suspension-advisory/wp-blog-header.php(19): require_once('...')
#2 /var/www/suspension-advisory/index.php(17): require('...')
#3 {main}
  thrown in /var/www/suspension-advisory/wp-content/themes/suspension-advisory-theme/page-homepage.php on line 46

2025-10-16T05:53:02+00:00 CRITICAL Uncaught Error: Call to undefined function display_city_dropdown() in /var/www/suspension-advisory/wp-content/themes/suspension-advisory-theme/page-homepage.php:46
Stack trace:
#0 /var/www/suspension-advisory/wp-includes/template-loader.php(106): include()
#1 /var/www/suspension-advisory/wp-blog-header.php(19): require_once('...')
#2 /var/www/suspension-advisory/index.php(17): require('...')
#3 {main}
  thrown in /var/www/suspension-advisory/wp-content/themes/suspension-advisory-theme/page-homepage.php on line 46

2025-10-16T05:53:02+00:00 CRITICAL Uncaught Error: Call to undefined function display_city_dropdown() in /var/www/suspension-advisory/wp-content/themes/suspension-advisory-theme/page-homepage.php:46
Stack trace:
#0 /var/www/suspension-advisory/wp-includes/template-loader.php(106): include()
#1 /var/www/suspension-advisory/wp-blog-header.php(19): require_once('...')
#2 /var/www/suspension-advisory/index.php(17): require('...')
#3 {main}
  thrown in /var/www/suspension-advisory/wp-content/themes/suspension-advisory-theme/page-homepage.php on line 46

2025-10-16T05:53:02+00:00 CRITICAL Uncaught Error: Call to undefined function display_city_dropdown() in /var/www/suspension-advisory/wp-content/themes/suspension-advisory-theme/page-homepage.php:46
Stack trace:
#0 /var/www/suspension-advisory/wp-includes/template-loader.php(106): include()
#1 /var/www/suspension-advisory/wp-blog-header.php(19): require_once('...')
#2 /var/www/suspension-advisory/index.php(17): require('...')
#3 {main}
  thrown in /var/www/suspension-advisory/wp-content/themes/suspension-advisory-theme/page-homepage.php on line 46

2025-10-16T05:53:02+00:00 CRITICAL Uncaught Error: Call to undefined function display_city_dropdown() in /var/www/suspension-advisory/wp-content/themes/suspension-advisory-theme/page-homepage.php:46
Stack trace:
#0 /var/www/suspension-advisory/wp-includes/template-loader.php(106): include()
#1 /var/www/suspension-advisory/wp-blog-header.php(19): require_once('...')
#2 /var/www/suspension-advisory/index.php(17): require('...')
#3 {main}
  thrown in /var/www/suspension-advisory/wp-content/themes/suspension-advisory-theme/page-homepage.php on line 46

2025-10-16T05:53:02+00:00 CRITICAL Uncaught Error: Call to undefined function display_city_dropdown() in /var/www/suspension-advisory/wp-content/themes/suspension-advisory-theme/page-homepage.php:46
Stack trace:
#0 /var/www/suspension-advisory/wp-includes/template-loader.php(106): include()
#1 /var/www/suspension-advisory/wp-blog-header.php(19): require_once('...')
#2 /var/www/suspension-advisory/index.php(17): require('...')
#3 {main}
  thrown in /var/www/suspension-advisory/wp-content/themes/suspension-advisory-theme/page-homepage.php on line 46

2025-10-16T06:08:42+00:00 CRITICAL Uncaught Error: Call to undefined function display_province_dropdown() in /var/www/suspension-advisory/wp-content/themes/suspension-advisory-theme/page-homepage.php:36
Stack trace:
#0 /var/www/suspension-advisory/wp-includes/template-loader.php(106): include()
#1 /var/www/suspension-advisory/wp-blog-header.php(19): require_once('...')
#2 /var/www/suspension-advisory/index.php(17): require('...')
#3 {main}
  thrown in /var/www/suspension-advisory/wp-content/themes/suspension-advisory-theme/page-homepage.php on line 36

2025-10-16T06:08:42+00:00 CRITICAL Uncaught Error: Call to undefined function display_province_dropdown() in /var/www/suspension-advisory/wp-content/themes/suspension-advisory-theme/page-homepage.php:36
Stack trace:
#0 /var/www/suspension-advisory/wp-includes/template-loader.php(106): include()
#1 /var/www/suspension-advisory/wp-blog-header.php(19): require_once('...')
#2 /var/www/suspension-advisory/index.php(17): require('...')
#3 {main}
  thrown in /var/www/suspension-advisory/wp-content/themes/suspension-advisory-theme/page-homepage.php on line 36

2025-10-16T06:08:42+00:00 CRITICAL Uncaught Error: Call to undefined function display_province_dropdown() in /var/www/suspension-advisory/wp-content/themes/suspension-advisory-theme/page-homepage.php:36
Stack trace:
#0 /var/www/suspension-advisory/wp-includes/template-loader.php(106): include()
#1 /var/www/suspension-advisory/wp-blog-header.php(19): require_once('...')
#2 /var/www/suspension-advisory/index.php(17): require('...')
#3 {main}
  thrown in /var/www/suspension-advisory/wp-content/themes/suspension-advisory-theme/page-homepage.php on line 36

2025-10-16T06:08:44+00:00 CRITICAL Uncaught Error: Call to undefined function display_province_dropdown() in /var/www/suspension-advisory/wp-content/themes/suspension-advisory-theme/page-homepage.php:36
Stack trace:
#0 /var/www/suspension-advisory/wp-includes/template-loader.php(106): include()
#1 /var/www/suspension-advisory/wp-blog-header.php(19): require_once('...')
#2 /var/www/suspension-advisory/index.php(17): require('...')
#3 {main}
  thrown in /var/www/suspension-advisory/wp-content/themes/suspension-advisory-theme/page-homepage.php on line 36

2025-10-16T06:08:44+00:00 CRITICAL Uncaught Error: Call to undefined function display_province_dropdown() in /var/www/suspension-advisory/wp-content/themes/suspension-advisory-theme/page-homepage.php:36
Stack trace:
#0 /var/www/suspension-advisory/wp-includes/template-loader.php(106): include()
#1 /var/www/suspension-advisory/wp-blog-header.php(19): require_once('...')
#2 /var/www/suspension-advisory/index.php(17): require('...')
#3 {main}
  thrown in /var/www/suspension-advisory/wp-content/themes/suspension-advisory-theme/page-homepage.php on line 36

2025-10-16T06:08:44+00:00 CRITICAL Uncaught Error: Call to undefined function display_province_dropdown() in /var/www/suspension-advisory/wp-content/themes/suspension-advisory-theme/page-homepage.php:36
Stack trace:
#0 /var/www/suspension-advisory/wp-includes/template-loader.php(106): include()
#1 /var/www/suspension-advisory/wp-blog-header.php(19): require_once('...')
#2 /var/www/suspension-advisory/index.php(17): require('...')
#3 {main}
  thrown in /var/www/suspension-advisory/wp-content/themes/suspension-advisory-theme/page-homepage.php on line 36

2025-10-16T06:12:28+00:00 CRITICAL Uncaught Error: Call to undefined function display_province_dropdown() in /var/www/suspension-advisory/wp-content/themes/suspension-advisory-theme/page-homepage.php:36
Stack trace:
#0 /var/www/suspension-advisory/wp-includes/template-loader.php(106): include()
#1 /var/www/suspension-advisory/wp-blog-header.php(19): require_once('...')
#2 /var/www/suspension-advisory/index.php(17): require('...')
#3 {main}
  thrown in /var/www/suspension-advisory/wp-content/themes/suspension-advisory-theme/page-homepage.php on line 36

2025-10-16T06:12:28+00:00 CRITICAL Uncaught Error: Call to undefined function display_province_dropdown() in /var/www/suspension-advisory/wp-content/themes/suspension-advisory-theme/page-homepage.php:36
Stack trace:
#0 /var/www/suspension-advisory/wp-includes/template-loader.php(106): include()
#1 /var/www/suspension-advisory/wp-blog-header.php(19): require_once('...')
#2 /var/www/suspension-advisory/index.php(17): require('...')
#3 {main}
  thrown in /var/www/suspension-advisory/wp-content/themes/suspension-advisory-theme/page-homepage.php on line 36

2025-10-16T06:12:28+00:00 CRITICAL Uncaught Error: Call to undefined function display_province_dropdown() in /var/www/suspension-advisory/wp-content/themes/suspension-advisory-theme/page-homepage.php:36
Stack trace:
#0 /var/www/suspension-advisory/wp-includes/template-loader.php(106): include()
#1 /var/www/suspension-advisory/wp-blog-header.php(19): require_once('...')
#2 /var/www/suspension-advisory/index.php(17): require('...')
#3 {main}
  thrown in /var/www/suspension-advisory/wp-content/themes/suspension-advisory-theme/page-homepage.php on line 36

2025-10-16T06:12:29+00:00 CRITICAL Uncaught Error: Call to undefined function display_province_dropdown() in /var/www/suspension-advisory/wp-content/themes/suspension-advisory-theme/page-homepage.php:36
Stack trace:
#0 /var/www/suspension-advisory/wp-includes/template-loader.php(106): include()
#1 /var/www/suspension-advisory/wp-blog-header.php(19): require_once('...')
#2 /var/www/suspension-advisory/index.php(17): require('...')
#3 {main}
  thrown in /var/www/suspension-advisory/wp-content/themes/suspension-advisory-theme/page-homepage.php on line 36

2025-10-16T06:12:29+00:00 CRITICAL Uncaught Error: Call to undefined function display_province_dropdown() in /var/www/suspension-advisory/wp-content/themes/suspension-advisory-theme/page-homepage.php:36
Stack trace:
#0 /var/www/suspension-advisory/wp-includes/template-loader.php(106): include()
#1 /var/www/suspension-advisory/wp-blog-header.php(19): require_once('...')
#2 /var/www/suspension-advisory/index.php(17): require('...')
#3 {main}
  thrown in /var/www/suspension-advisory/wp-content/themes/suspension-advisory-theme/page-homepage.php on line 36

2025-10-16T06:12:29+00:00 CRITICAL Uncaught Error: Call to undefined function display_province_dropdown() in /var/www/suspension-advisory/wp-content/themes/suspension-advisory-theme/page-homepage.php:36
Stack trace:
#0 /var/www/suspension-advisory/wp-includes/template-loader.php(106): include()
#1 /var/www/suspension-advisory/wp-blog-header.php(19): require_once('...')
#2 /var/www/suspension-advisory/index.php(17): require('...')
#3 {main}
  thrown in /var/www/suspension-advisory/wp-content/themes/suspension-advisory-theme/page-homepage.php on line 36

2025-10-16T06:12:33+00:00 CRITICAL Uncaught Error: Call to undefined function display_province_dropdown() in /var/www/suspension-advisory/wp-content/themes/suspension-advisory-theme/page-homepage.php:36
Stack trace:
#0 /var/www/suspension-advisory/wp-includes/template-loader.php(106): include()
#1 /var/www/suspension-advisory/wp-blog-header.php(19): require_once('...')
#2 /var/www/suspension-advisory/index.php(17): require('...')
#3 {main}
  thrown in /var/www/suspension-advisory/wp-content/themes/suspension-advisory-theme/page-homepage.php on line 36

2025-10-16T06:12:33+00:00 CRITICAL Uncaught Error: Call to undefined function display_province_dropdown() in /var/www/suspension-advisory/wp-content/themes/suspension-advisory-theme/page-homepage.php:36
Stack trace:
#0 /var/www/suspension-advisory/wp-includes/template-loader.php(106): include()
#1 /var/www/suspension-advisory/wp-blog-header.php(19): require_once('...')
#2 /var/www/suspension-advisory/index.php(17): require('...')
#3 {main}
  thrown in /var/www/suspension-advisory/wp-content/themes/suspension-advisory-theme/page-homepage.php on line 36

2025-10-16T06:12:33+00:00 CRITICAL Uncaught Error: Call to undefined function display_province_dropdown() in /var/www/suspension-advisory/wp-content/themes/suspension-advisory-theme/page-homepage.php:36
Stack trace:
#0 /var/www/suspension-advisory/wp-includes/template-loader.php(106): include()
#1 /var/www/suspension-advisory/wp-blog-header.php(19): require_once('...')
#2 /var/www/suspension-advisory/index.php(17): require('...')
#3 {main}
  thrown in /var/www/suspension-advisory/wp-content/themes/suspension-advisory-theme/page-homepage.php on line 36

2025-10-16T06:13:46+00:00 CRITICAL Uncaught Error: Call to undefined function display_province_dropdown() in /var/www/suspension-advisory/wp-content/themes/suspension-advisory-theme/page-homepage.php:36
Stack trace:
#0 /var/www/suspension-advisory/wp-includes/template-loader.php(106): include()
#1 /var/www/suspension-advisory/wp-blog-header.php(19): require_once('...')
#2 /var/www/suspension-advisory/index.php(17): require('...')
#3 {main}
  thrown in /var/www/suspension-advisory/wp-content/themes/suspension-advisory-theme/page-homepage.php on line 36

2025-10-16T06:13:46+00:00 CRITICAL Uncaught Error: Call to undefined function display_province_dropdown() in /var/www/suspension-advisory/wp-content/themes/suspension-advisory-theme/page-homepage.php:36
Stack trace:
#0 /var/www/suspension-advisory/wp-includes/template-loader.php(106): include()
#1 /var/www/suspension-advisory/wp-blog-header.php(19): require_once('...')
#2 /var/www/suspension-advisory/index.php(17): require('...')
#3 {main}
  thrown in /var/www/suspension-advisory/wp-content/themes/suspension-advisory-theme/page-homepage.php on line 36

2025-10-16T06:13:46+00:00 CRITICAL Uncaught Error: Call to undefined function display_province_dropdown() in /var/www/suspension-advisory/wp-content/themes/suspension-advisory-theme/page-homepage.php:36
Stack trace:
#0 /var/www/suspension-advisory/wp-includes/template-loader.php(106): include()
#1 /var/www/suspension-advisory/wp-blog-header.php(19): require_once('...')
#2 /var/www/suspension-advisory/index.php(17): require('...')
#3 {main}
  thrown in /var/www/suspension-advisory/wp-content/themes/suspension-advisory-theme/page-homepage.php on line 36

2025-10-16T06:13:46+00:00 CRITICAL Uncaught Error: Call to undefined function display_province_dropdown() in /var/www/suspension-advisory/wp-content/themes/suspension-advisory-theme/page-homepage.php:36
Stack trace:
#0 /var/www/suspension-advisory/wp-includes/template-loader.php(106): include()
#1 /var/www/suspension-advisory/wp-blog-header.php(19): require_once('...')
#2 /var/www/suspension-advisory/index.php(17): require('...')
#3 {main}
  thrown in /var/www/suspension-advisory/wp-content/themes/suspension-advisory-theme/page-homepage.php on line 36

2025-10-16T06:13:46+00:00 CRITICAL Uncaught Error: Call to undefined function display_province_dropdown() in /var/www/suspension-advisory/wp-content/themes/suspension-advisory-theme/page-homepage.php:36
Stack trace:
#0 /var/www/suspension-advisory/wp-includes/template-loader.php(106): include()
#1 /var/www/suspension-advisory/wp-blog-header.php(19): require_once('...')
#2 /var/www/suspension-advisory/index.php(17): require('...')
#3 {main}
  thrown in /var/www/suspension-advisory/wp-content/themes/suspension-advisory-theme/page-homepage.php on line 36

2025-10-16T06:13:46+00:00 CRITICAL Uncaught Error: Call to undefined function display_province_dropdown() in /var/www/suspension-advisory/wp-content/themes/suspension-advisory-theme/page-homepage.php:36
Stack trace:
#0 /var/www/suspension-advisory/wp-includes/template-loader.php(106): include()
#1 /var/www/suspension-advisory/wp-blog-header.php(19): require_once('...')
#2 /var/www/suspension-advisory/index.php(17): require('...')
#3 {main}
  thrown in /var/www/suspension-advisory/wp-content/themes/suspension-advisory-theme/page-homepage.php on line 36

2025-10-16T06:13:47+00:00 CRITICAL Uncaught Error: Call to undefined function display_province_dropdown() in /var/www/suspension-advisory/wp-content/themes/suspension-advisory-theme/page-homepage.php:36
Stack trace:
#0 /var/www/suspension-advisory/wp-includes/template-loader.php(106): include()
#1 /var/www/suspension-advisory/wp-blog-header.php(19): require_once('...')
#2 /var/www/suspension-advisory/index.php(17): require('...')
#3 {main}
  thrown in /var/www/suspension-advisory/wp-content/themes/suspension-advisory-theme/page-homepage.php on line 36

2025-10-16T06:13:47+00:00 CRITICAL Uncaught Error: Call to undefined function display_province_dropdown() in /var/www/suspension-advisory/wp-content/themes/suspension-advisory-theme/page-homepage.php:36
Stack trace:
#0 /var/www/suspension-advisory/wp-includes/template-loader.php(106): include()
#1 /var/www/suspension-advisory/wp-blog-header.php(19): require_once('...')
#2 /var/www/suspension-advisory/index.php(17): require('...')
#3 {main}
  thrown in /var/www/suspension-advisory/wp-content/themes/suspension-advisory-theme/page-homepage.php on line 36

2025-10-16T06:13:47+00:00 CRITICAL Uncaught Error: Call to undefined function display_province_dropdown() in /var/www/suspension-advisory/wp-content/themes/suspension-advisory-theme/page-homepage.php:36
Stack trace:
#0 /var/www/suspension-advisory/wp-includes/template-loader.php(106): include()
#1 /var/www/suspension-advisory/wp-blog-header.php(19): require_once('...')
#2 /var/www/suspension-advisory/index.php(17): require('...')
#3 {main}
  thrown in /var/www/suspension-advisory/wp-content/themes/suspension-advisory-theme/page-homepage.php on line 36

2025-10-16T06:36:25+00:00 CRITICAL Uncaught Error: Call to undefined function display_province_dropdown() in /var/www/suspension-advisory/wp-content/themes/suspension-advisory-theme/page-homepage.php:36
Stack trace:
#0 /var/www/suspension-advisory/wp-includes/template-loader.php(106): include()
#1 /var/www/suspension-advisory/wp-blog-header.php(19): require_once('...')
#2 /var/www/suspension-advisory/index.php(17): require('...')
#3 {main}
  thrown in /var/www/suspension-advisory/wp-content/themes/suspension-advisory-theme/page-homepage.php on line 36

2025-10-16T06:36:25+00:00 CRITICAL Uncaught Error: Call to undefined function display_province_dropdown() in /var/www/suspension-advisory/wp-content/themes/suspension-advisory-theme/page-homepage.php:36
Stack trace:
#0 /var/www/suspension-advisory/wp-includes/template-loader.php(106): include()
#1 /var/www/suspension-advisory/wp-blog-header.php(19): require_once('...')
#2 /var/www/suspension-advisory/index.php(17): require('...')
#3 {main}
  thrown in /var/www/suspension-advisory/wp-content/themes/suspension-advisory-theme/page-homepage.php on line 36

2025-10-16T06:36:25+00:00 CRITICAL Uncaught Error: Call to undefined function display_province_dropdown() in /var/www/suspension-advisory/wp-content/themes/suspension-advisory-theme/page-homepage.php:36
Stack trace:
#0 /var/www/suspension-advisory/wp-includes/template-loader.php(106): include()
#1 /var/www/suspension-advisory/wp-blog-header.php(19): require_once('...')
#2 /var/www/suspension-advisory/index.php(17): require('...')
#3 {main}
  thrown in /var/www/suspension-advisory/wp-content/themes/suspension-advisory-theme/page-homepage.php on line 36

2025-10-16T06:37:50+00:00 CRITICAL Uncaught Error: Call to undefined function display_province_dropdown() in /var/www/suspension-advisory/wp-content/themes/suspension-advisory-theme/page-homepage.php:36
Stack trace:
#0 /var/www/suspension-advisory/wp-includes/template-loader.php(106): include()
#1 /var/www/suspension-advisory/wp-blog-header.php(19): require_once('...')
#2 /var/www/suspension-advisory/index.php(17): require('...')
#3 {main}
  thrown in /var/www/suspension-advisory/wp-content/themes/suspension-advisory-theme/page-homepage.php on line 36

2025-10-16T06:37:50+00:00 CRITICAL Uncaught Error: Call to undefined function display_province_dropdown() in /var/www/suspension-advisory/wp-content/themes/suspension-advisory-theme/page-homepage.php:36
Stack trace:
#0 /var/www/suspension-advisory/wp-includes/template-loader.php(106): include()
#1 /var/www/suspension-advisory/wp-blog-header.php(19): require_once('...')
#2 /var/www/suspension-advisory/index.php(17): require('...')
#3 {main}
  thrown in /var/www/suspension-advisory/wp-content/themes/suspension-advisory-theme/page-homepage.php on line 36

2025-10-16T06:37:50+00:00 CRITICAL Uncaught Error: Call to undefined function display_province_dropdown() in /var/www/suspension-advisory/wp-content/themes/suspension-advisory-theme/page-homepage.php:36
Stack trace:
#0 /var/www/suspension-advisory/wp-includes/template-loader.php(106): include()
#1 /var/www/suspension-advisory/wp-blog-header.php(19): require_once('...')
#2 /var/www/suspension-advisory/index.php(17): require('...')
#3 {main}
  thrown in /var/www/suspension-advisory/wp-content/themes/suspension-advisory-theme/page-homepage.php on line 36

2025-10-17T08:29:46+00:00 CRITICAL Uncaught ArgumentCountError: Too few arguments to function urm_final_location_check(), 2 passed in /var/www/suspension-advisory/wp-includes/class-wp-hook.php on line 324 and exactly 3 expected in /var/www/suspension-advisory/wp-content/themes/suspension-advisory-theme/functions.php:1206
Stack trace:
#0 /var/www/suspension-advisory/wp-includes/class-wp-hook.php(324): urm_final_location_check()
#1 /var/www/suspension-advisory/wp-includes/class-wp-hook.php(348): WP_Hook->apply_filters()
#2 /var/www/suspension-advisory/wp-includes/plugin.php(517): WP_Hook->do_action()
#3 /var/www/suspension-advisory/wp-content/plugins/user-registration-pro/includes/frontend/class-ur-frontend-form-handler.php(111): do_action()
#4 /var/www/suspension-advisory/wp-content/plugins/user-registration-pro/includes/functions-ur-core.php(4725): UR_Frontend_Form_Handler::handle_form()
#5 /var/www/suspension-advisory/wp-content/plugins/user-registration-pro/includes/class-ur-ajax.php(216): ur_process_registration()
#6 /var/www/suspension-advisory/wp-includes/class-wp-hook.php(324): UR_AJAX::user_form_submit()
#7 /var/www/suspension-advisory/wp-includes/class-wp-hook.php(348): WP_Hook->apply_filters()
#8 /var/www/suspension-advisory/wp-includes/plugin.php(517): WP_Hook->do_action()
#9 /var/www/suspension-advisory/wp-admin/admin-ajax.php(192): do_action()
#10 {main}
  thrown in /var/www/suspension-advisory/wp-content/themes/suspension-advisory-theme/functions.php on line 1206

2025-10-17T08:29:46+00:00 CRITICAL Uncaught ArgumentCountError: Too few arguments to function urm_final_location_check(), 2 passed in /var/www/suspension-advisory/wp-includes/class-wp-hook.php on line 324 and exactly 3 expected in /var/www/suspension-advisory/wp-content/themes/suspension-advisory-theme/functions.php:1206
Stack trace:
#0 /var/www/suspension-advisory/wp-includes/class-wp-hook.php(324): urm_final_location_check()
#1 /var/www/suspension-advisory/wp-includes/class-wp-hook.php(348): WP_Hook->apply_filters()
#2 /var/www/suspension-advisory/wp-includes/plugin.php(517): WP_Hook->do_action()
#3 /var/www/suspension-advisory/wp-content/plugins/user-registration-pro/includes/frontend/class-ur-frontend-form-handler.php(111): do_action()
#4 /var/www/suspension-advisory/wp-content/plugins/user-registration-pro/includes/functions-ur-core.php(4725): UR_Frontend_Form_Handler::handle_form()
#5 /var/www/suspension-advisory/wp-content/plugins/user-registration-pro/includes/class-ur-ajax.php(216): ur_process_registration()
#6 /var/www/suspension-advisory/wp-includes/class-wp-hook.php(324): UR_AJAX::user_form_submit()
#7 /var/www/suspension-advisory/wp-includes/class-wp-hook.php(348): WP_Hook->apply_filters()
#8 /var/www/suspension-advisory/wp-includes/plugin.php(517): WP_Hook->do_action()
#9 /var/www/suspension-advisory/wp-admin/admin-ajax.php(192): do_action()
#10 {main}
  thrown in /var/www/suspension-advisory/wp-content/themes/suspension-advisory-theme/functions.php on line 1206

2025-10-17T08:29:46+00:00 CRITICAL Uncaught ArgumentCountError: Too few arguments to function urm_final_location_check(), 2 passed in /var/www/suspension-advisory/wp-includes/class-wp-hook.php on line 324 and exactly 3 expected in /var/www/suspension-advisory/wp-content/themes/suspension-advisory-theme/functions.php:1206
Stack trace:
#0 /var/www/suspension-advisory/wp-includes/class-wp-hook.php(324): urm_final_location_check()
#1 /var/www/suspension-advisory/wp-includes/class-wp-hook.php(348): WP_Hook->apply_filters()
#2 /var/www/suspension-advisory/wp-includes/plugin.php(517): WP_Hook->do_action()
#3 /var/www/suspension-advisory/wp-content/plugins/user-registration-pro/includes/frontend/class-ur-frontend-form-handler.php(111): do_action()
#4 /var/www/suspension-advisory/wp-content/plugins/user-registration-pro/includes/functions-ur-core.php(4725): UR_Frontend_Form_Handler::handle_form()
#5 /var/www/suspension-advisory/wp-content/plugins/user-registration-pro/includes/class-ur-ajax.php(216): ur_process_registration()
#6 /var/www/suspension-advisory/wp-includes/class-wp-hook.php(324): UR_AJAX::user_form_submit()
#7 /var/www/suspension-advisory/wp-includes/class-wp-hook.php(348): WP_Hook->apply_filters()
#8 /var/www/suspension-advisory/wp-includes/plugin.php(517): WP_Hook->do_action()
#9 /var/www/suspension-advisory/wp-admin/admin-ajax.php(192): do_action()
#10 {main}
  thrown in /var/www/suspension-advisory/wp-content/themes/suspension-advisory-theme/functions.php on line 1206

2025-10-17T08:31:04+00:00 CRITICAL Uncaught ArgumentCountError: Too few arguments to function urm_final_location_check(), 2 passed in /var/www/suspension-advisory/wp-includes/class-wp-hook.php on line 324 and exactly 3 expected in /var/www/suspension-advisory/wp-content/themes/suspension-advisory-theme/functions.php:1206
Stack trace:
#0 /var/www/suspension-advisory/wp-includes/class-wp-hook.php(324): urm_final_location_check()
#1 /var/www/suspension-advisory/wp-includes/class-wp-hook.php(348): WP_Hook->apply_filters()
#2 /var/www/suspension-advisory/wp-includes/plugin.php(517): WP_Hook->do_action()
#3 /var/www/suspension-advisory/wp-content/plugins/user-registration-pro/includes/frontend/class-ur-frontend-form-handler.php(111): do_action()
#4 /var/www/suspension-advisory/wp-content/plugins/user-registration-pro/includes/functions-ur-core.php(4725): UR_Frontend_Form_Handler::handle_form()
#5 /var/www/suspension-advisory/wp-content/plugins/user-registration-pro/includes/class-ur-ajax.php(216): ur_process_registration()
#6 /var/www/suspension-advisory/wp-includes/class-wp-hook.php(324): UR_AJAX::user_form_submit()
#7 /var/www/suspension-advisory/wp-includes/class-wp-hook.php(348): WP_Hook->apply_filters()
#8 /var/www/suspension-advisory/wp-includes/plugin.php(517): WP_Hook->do_action()
#9 /var/www/suspension-advisory/wp-admin/admin-ajax.php(192): do_action()
#10 {main}
  thrown in /var/www/suspension-advisory/wp-content/themes/suspension-advisory-theme/functions.php on line 1206

2025-10-17T08:31:04+00:00 CRITICAL Uncaught ArgumentCountError: Too few arguments to function urm_final_location_check(), 2 passed in /var/www/suspension-advisory/wp-includes/class-wp-hook.php on line 324 and exactly 3 expected in /var/www/suspension-advisory/wp-content/themes/suspension-advisory-theme/functions.php:1206
Stack trace:
#0 /var/www/suspension-advisory/wp-includes/class-wp-hook.php(324): urm_final_location_check()
#1 /var/www/suspension-advisory/wp-includes/class-wp-hook.php(348): WP_Hook->apply_filters()
#2 /var/www/suspension-advisory/wp-includes/plugin.php(517): WP_Hook->do_action()
#3 /var/www/suspension-advisory/wp-content/plugins/user-registration-pro/includes/frontend/class-ur-frontend-form-handler.php(111): do_action()
#4 /var/www/suspension-advisory/wp-content/plugins/user-registration-pro/includes/functions-ur-core.php(4725): UR_Frontend_Form_Handler::handle_form()
#5 /var/www/suspension-advisory/wp-content/plugins/user-registration-pro/includes/class-ur-ajax.php(216): ur_process_registration()
#6 /var/www/suspension-advisory/wp-includes/class-wp-hook.php(324): UR_AJAX::user_form_submit()
#7 /var/www/suspension-advisory/wp-includes/class-wp-hook.php(348): WP_Hook->apply_filters()
#8 /var/www/suspension-advisory/wp-includes/plugin.php(517): WP_Hook->do_action()
#9 /var/www/suspension-advisory/wp-admin/admin-ajax.php(192): do_action()
#10 {main}
  thrown in /var/www/suspension-advisory/wp-content/themes/suspension-advisory-theme/functions.php on line 1206

2025-10-17T08:31:04+00:00 CRITICAL Uncaught ArgumentCountError: Too few arguments to function urm_final_location_check(), 2 passed in /var/www/suspension-advisory/wp-includes/class-wp-hook.php on line 324 and exactly 3 expected in /var/www/suspension-advisory/wp-content/themes/suspension-advisory-theme/functions.php:1206
Stack trace:
#0 /var/www/suspension-advisory/wp-includes/class-wp-hook.php(324): urm_final_location_check()
#1 /var/www/suspension-advisory/wp-includes/class-wp-hook.php(348): WP_Hook->apply_filters()
#2 /var/www/suspension-advisory/wp-includes/plugin.php(517): WP_Hook->do_action()
#3 /var/www/suspension-advisory/wp-content/plugins/user-registration-pro/includes/frontend/class-ur-frontend-form-handler.php(111): do_action()
#4 /var/www/suspension-advisory/wp-content/plugins/user-registration-pro/includes/functions-ur-core.php(4725): UR_Frontend_Form_Handler::handle_form()
#5 /var/www/suspension-advisory/wp-content/plugins/user-registration-pro/includes/class-ur-ajax.php(216): ur_process_registration()
#6 /var/www/suspension-advisory/wp-includes/class-wp-hook.php(324): UR_AJAX::user_form_submit()
#7 /var/www/suspension-advisory/wp-includes/class-wp-hook.php(348): WP_Hook->apply_filters()
#8 /var/www/suspension-advisory/wp-includes/plugin.php(517): WP_Hook->do_action()
#9 /var/www/suspension-advisory/wp-admin/admin-ajax.php(192): do_action()
#10 {main}
  thrown in /var/www/suspension-advisory/wp-content/themes/suspension-advisory-theme/functions.php on line 1206

2025-10-17T08:31:51+00:00 CRITICAL Uncaught ArgumentCountError: Too few arguments to function urm_final_location_check(), 2 passed in /var/www/suspension-advisory/wp-includes/class-wp-hook.php on line 324 and exactly 3 expected in /var/www/suspension-advisory/wp-content/themes/suspension-advisory-theme/functions.php:1206
Stack trace:
#0 /var/www/suspension-advisory/wp-includes/class-wp-hook.php(324): urm_final_location_check()
#1 /var/www/suspension-advisory/wp-includes/class-wp-hook.php(348): WP_Hook->apply_filters()
#2 /var/www/suspension-advisory/wp-includes/plugin.php(517): WP_Hook->do_action()
#3 /var/www/suspension-advisory/wp-content/plugins/user-registration-pro/includes/frontend/class-ur-frontend-form-handler.php(111): do_action()
#4 /var/www/suspension-advisory/wp-content/plugins/user-registration-pro/includes/functions-ur-core.php(4725): UR_Frontend_Form_Handler::handle_form()
#5 /var/www/suspension-advisory/wp-content/plugins/user-registration-pro/includes/class-ur-ajax.php(216): ur_process_registration()
#6 /var/www/suspension-advisory/wp-includes/class-wp-hook.php(324): UR_AJAX::user_form_submit()
#7 /var/www/suspension-advisory/wp-includes/class-wp-hook.php(348): WP_Hook->apply_filters()
#8 /var/www/suspension-advisory/wp-includes/plugin.php(517): WP_Hook->do_action()
#9 /var/www/suspension-advisory/wp-admin/admin-ajax.php(192): do_action()
#10 {main}
  thrown in /var/www/suspension-advisory/wp-content/themes/suspension-advisory-theme/functions.php on line 1206

2025-10-17T08:31:51+00:00 CRITICAL Uncaught ArgumentCountError: Too few arguments to function urm_final_location_check(), 2 passed in /var/www/suspension-advisory/wp-includes/class-wp-hook.php on line 324 and exactly 3 expected in /var/www/suspension-advisory/wp-content/themes/suspension-advisory-theme/functions.php:1206
Stack trace:
#0 /var/www/suspension-advisory/wp-includes/class-wp-hook.php(324): urm_final_location_check()
#1 /var/www/suspension-advisory/wp-includes/class-wp-hook.php(348): WP_Hook->apply_filters()
#2 /var/www/suspension-advisory/wp-includes/plugin.php(517): WP_Hook->do_action()
#3 /var/www/suspension-advisory/wp-content/plugins/user-registration-pro/includes/frontend/class-ur-frontend-form-handler.php(111): do_action()
#4 /var/www/suspension-advisory/wp-content/plugins/user-registration-pro/includes/functions-ur-core.php(4725): UR_Frontend_Form_Handler::handle_form()
#5 /var/www/suspension-advisory/wp-content/plugins/user-registration-pro/includes/class-ur-ajax.php(216): ur_process_registration()
#6 /var/www/suspension-advisory/wp-includes/class-wp-hook.php(324): UR_AJAX::user_form_submit()
#7 /var/www/suspension-advisory/wp-includes/class-wp-hook.php(348): WP_Hook->apply_filters()
#8 /var/www/suspension-advisory/wp-includes/plugin.php(517): WP_Hook->do_action()
#9 /var/www/suspension-advisory/wp-admin/admin-ajax.php(192): do_action()
#10 {main}
  thrown in /var/www/suspension-advisory/wp-content/themes/suspension-advisory-theme/functions.php on line 1206

2025-10-17T08:31:51+00:00 CRITICAL Uncaught ArgumentCountError: Too few arguments to function urm_final_location_check(), 2 passed in /var/www/suspension-advisory/wp-includes/class-wp-hook.php on line 324 and exactly 3 expected in /var/www/suspension-advisory/wp-content/themes/suspension-advisory-theme/functions.php:1206
Stack trace:
#0 /var/www/suspension-advisory/wp-includes/class-wp-hook.php(324): urm_final_location_check()
#1 /var/www/suspension-advisory/wp-includes/class-wp-hook.php(348): WP_Hook->apply_filters()
#2 /var/www/suspension-advisory/wp-includes/plugin.php(517): WP_Hook->do_action()
#3 /var/www/suspension-advisory/wp-content/plugins/user-registration-pro/includes/frontend/class-ur-frontend-form-handler.php(111): do_action()
#4 /var/www/suspension-advisory/wp-content/plugins/user-registration-pro/includes/functions-ur-core.php(4725): UR_Frontend_Form_Handler::handle_form()
#5 /var/www/suspension-advisory/wp-content/plugins/user-registration-pro/includes/class-ur-ajax.php(216): ur_process_registration()
#6 /var/www/suspension-advisory/wp-includes/class-wp-hook.php(324): UR_AJAX::user_form_submit()
#7 /var/www/suspension-advisory/wp-includes/class-wp-hook.php(348): WP_Hook->apply_filters()
#8 /var/www/suspension-advisory/wp-includes/plugin.php(517): WP_Hook->do_action()
#9 /var/www/suspension-advisory/wp-admin/admin-ajax.php(192): do_action()
#10 {main}
  thrown in /var/www/suspension-advisory/wp-content/themes/suspension-advisory-theme/functions.php on line 1206

